// Jest Snapshot v1, https://goo.gl/fbAQLP

exports[`App correctly renders 1`] = `
Array [
  <div
    className="tabs"
  >
    <section
      className="locations container"
    >
      <ul
        className="locations__list tabs__list"
      >
        <li
          className="locations__item"
        >
          <a
            className="locations__item-link tabs__item"
            href="#"
            onClick={[Function]}
          >
            <span>
              Paris
            </span>
          </a>
        </li>
        <li
          className="locations__item"
        >
          <a
            className="locations__item-link tabs__item"
            href="#"
            onClick={[Function]}
          >
            <span>
              Cologne
            </span>
          </a>
        </li>
        <li
          className="locations__item"
        >
          <a
            className="locations__item-link tabs__item"
            href="#"
            onClick={[Function]}
          >
            <span>
              Brussels
            </span>
          </a>
        </li>
        <li
          className="locations__item"
        >
          <a
            className="locations__item-link tabs__item"
            href="#"
            onClick={[Function]}
          >
            <span>
              Amsterdam
            </span>
          </a>
        </li>
        <li
          className="locations__item"
        >
          <a
            className="locations__item-link tabs__item"
            href="#"
            onClick={[Function]}
          >
            <span>
              Hamburg
            </span>
          </a>
        </li>
        <li
          className="locations__item"
        >
          <a
            className="locations__item-link tabs__item"
            href="#"
            onClick={[Function]}
          >
            <span>
              Dusseldorf
            </span>
          </a>
        </li>
      </ul>
    </section>
  </div>,
  <div
    className="cities"
  >
    <div
      className="cities__places-container container"
    >
      <section
        className="cities__places places"
      >
        <h2
          className="visually-hidden"
        >
          Places
        </h2>
        <b
          className="places__found"
        >
          0
           places to stay in 
          city_name
        </b>
        <div
          className="cities__places-list places__list tabs__content"
        />
      </section>
      <div
        className="cities__right-section"
      >
        <div
          className="cities__map"
          id="map"
        />
      </div>
    </div>
  </div>,
]
`;
